1|I said she couldn't do it but she can.|Slide2.JPG
2|Alan took a ham sandwich to school.|Slide3.JPG
3|Who says itches are always so tempting to scratch?|Slide4.JPG
4|Thank goodness it's Friday and time to go home!|Slide5.JPG
5|We're glad that the price range is smaller than any of us expected.|Slide6.JPG
6|Melvin's cat was slowly rolling the can.|Slide7.JPG
7|You ought to brush your teeth and wash your face before you go to bed.|Slide8.JPG
8|The kid gave a long moan when the milk was spilt.|Slide9.JPG
9|Most of the scenes filmed on location in the Alps were breathtaking.|Slide10.JPG
10|The length of her skirt caused the passers-by to glare.|Slide11.JPG
11|My mother gets cross when they say "yeah" instead of "yes".|Slide12.JPG
12|Apparently, bulldog terriers yap almost as much as chows.|Slide13.JPG
13|The truth is, I wish I lived a little bit nearer to the supermarket.|Slide14.JPG
14|Surely, if you leave the record by the fire it will warp.|Slide15.JPG
15|Please, I feel too lethargic to wash up tonight.|Slide16.JPG
16|He grabbed a towel and then answered the phone by the clock.|Slide17.JPG
17|The earth used to be flat, but now it's a sphere ... isn't it?|Slide18.JPG
18|Bill could have sat on the train like a zombie but chose to stand.|Slide19.JPG
19|A squirt of this ointment will soothe the graze on your heel.|Slide20.JPG
20|The group asked if I wanted to come along on the barge trip.|Slide21.JPG
21|The table is badly glued and made so sloppily that it tilts.|Slide22.JPG
22|The flag ceremony overwhelmed me and I was moved to tears.|Slide23.JPG
23|Troy flicks through a yuppie magazine when he gets a chance.|Slide24.JPG
24|Judith found the three manuscripts waiting for her on the piano.|Slide25.JPG
25|Isn't it common knowledge that the kangaroo has a pouch in front?|Slide26.JPG
26|The grass was mown before the uncontrollable children came out to play.|Slide27.JPG
27|Amongst her friends at the Glebe Baths she was considered beautiful.|Slide28.JPG
28|John could supply him with the latest draft of his work to proof-read.|Slide29.JPG
29|Was it the blue globe that broke when he switched on the light?|Slide30.JPG
30|The chill wind caused the twins to shiver violently in their threadbare clothes.|Slide31.JPG
31|He flew round in an instant to look his attacker square in the eye.|Slide32.JPG
32|The nurse tended the fierce-looking flesh wound on Paul's scalp.|Slide33.JPG
33|He hurled several stones from the bridge whilst I quickly ran for cover.|Slide34.JPG
34|She'll think of an excuse why she overslept if given enough time and space.|Slide35.JPG
35|Unfortunately, the bath plug is missing so you'll have to take a shower.|Slide36.JPG
36|Mr Boyd says these practical jokes have been taken much too far.|Slide37.JPG
37|Isn't it odd how cobwebs slowly find their way into every nook and cranny!|Slide38.JPG
38|Actually, I'll hedge my bets and take no risks on this flutter.|Slide39.JPG
39|He glimpsed the badge of the traffic cop out of the corner of his eye.|Slide40.JPG
40|The dwarf's throne was in a huge castle encircled by a deep moat.|Slide41.JPG
41|I wish he'd either grow a beard or shave his scruffy moustache.|Slide42.JPG
42|This year I shall paint this room mauve with a splotch of beige dots.|Slide43.JPG
43|Enjoying her freedom, Amelia went to the zoo and saw a rare giant sloth.|Slide44.JPG
44|The dear old bishop was thrust into trouble with the self-absorbed mayor.|Slide45.JPG
45|It can be quite risky changing gear whilst half way up a steep hill.|Slide46.JPG
46|There'll be big trouble if you dare to touch that stretched surface.|Slide47.JPG
47|This new glove and shoe display attracts more customers than ever!|Slide48.JPG
48|We'd be hard pushed for the whole squad to catch the bus to Springwood tonight.|Slide49.JPG
49|The plane flew down low over the runway, then increased speed and circled the airfield a second time.|Slide50.JPG
50|Helen picked a good spot near the water and spent the morning surfing and relaxing in the sun.|Slide51.JPG
51|Pete sat in the little boat with his bait and his fishing boots on the floor beside him waiting for the trout to bite.|Slide52.JPG
52|Don't you think her evening gown was a trifle too garish for the occasion?|Slide53.JPG
53|Sharon vowed never again to sneer at tourists buying souvenir dolls.|Slide54.JPG
54|It seems as if Susan does all the floor cleaning for this frugal household.|Slide55.JPG
55|I'll thrash out a draft and lodge those new proposals before the next mass meeting.|Slide56.JPG
56|I've just seen that rogue, Charles, tearing off in a hurry to his maths exam.|Slide57.JPG
57|After a gaffe like that, it is futile to offer any further resistance, isn't it?|Slide58.JPG
58|Don't breathe a word of this, but the topic of Jeff's speech is beginning to annoy me.|Slide59.JPG
59|Sharon watched the helicopter as it lifted off the deck hovered for a couple of seconds and then landed once more.|Slide60.JPG
